// Jest Snapshot v1, https://goo.gl/fbAQLP

exports[`Album component renders Album 1`] = `
<Fragment>
  <h4>
    hello
  </h4>
</Fragment>
`;
