// Jest Snapshot v1, https://goo.gl/fbAQLP

exports[`Artist component renders Artist 1`] = `
<Fragment>
  <h3>
    hello
  </h3>
</Fragment>
`;
