// Jest Snapshot v1, https://goo.gl/fbAQLP

exports[`SongList component renders SongList 1`] = `null`;
